// Jest Snapshot v1, https://goo.gl/fbAQLP

exports[`Panel renders correctly, no versions 1`] = `
<div
  className="versions-panel-container"
>
  <div
    className="versions-panel-list"
  />
</div>
`;

exports[`Panel renders versions 1`] = `
<div
  className="versions-panel-container"
>
  <div
    className="versions-panel-list"
  />
</div>
`;
